./10_kuchi/10_kuchi_all.err
./10_kuchi/11_selftest.err
./10_kuchi/12_heredoc.out
./10_kuchi/13_kuchi_jitsu.err
./20_bunrui/20_bunrui_wa.err
./20_bunrui/20_bunrui_wa.out
./30_karyuu/30_trace.err
./30_karyuu/30_trace.out
./40_doku/40_kou.out
./40_doku/41_na.err
./40_doku/41_na.out
./40_doku/44_kou_12kei.err
./40_doku/44_kou_12kei.out
./40_doku/47_kou_12kei_v2.err
./40_doku/47_kou_12kei_v2.out
./40_doku/51_otsu_12kei.err
./40_doku/51_otsu_12kei.out
./40_doku/52_otsu_na.err
./40_doku/54_hei_12kei.err
./40_doku/54_hei_12kei.out
./40_doku/55_hei_na.err
./40_doku/_cell/DETECT_STALE_LOG_01.err
./40_doku/_cell/DETECT_STALE_LOG_02.err
./40_doku/_cell/DETECT_STALE_LOG_03.err
./40_doku/_cell/DETECT_STALE_LOG_04.err
./40_doku/_cell/DETECT_STALE_LOG_05.err
./40_doku/_cell/DETECT_STALE_LOG_06.err
./40_doku/_cell/DETECT_STALE_LOG_07.err
./40_doku/_cell/DETECT_STALE_LOG_08.err
./40_doku/_cell/DETECT_STALE_LOG_09.err
./40_doku/_cell/DETECT_STALE_LOG_10.err
./40_doku/_cell/DETECT_STALE_LOG_11.err
./40_doku/_cell/DETECT_STALE_LOG_12.err
./40_doku/_cell/DETECT_STALE_STALE_SEC_01.err
./40_doku/_cell/DETECT_STALE_STALE_SEC_02.err
./40_doku/_cell/DETECT_STALE_STALE_SEC_03.err
./40_doku/_cell/DETECT_STALE_STALE_SEC_03.out
./40_doku/_cell/DETECT_STALE_STALE_SEC_04.err
./40_doku/_cell/DETECT_STALE_STALE_SEC_05.err
./40_doku/_cell/DETECT_STALE_STALE_SEC_06.err
./40_doku/_cell/DETECT_STALE_STALE_SEC_07.err
./40_doku/_cell/DETECT_STALE_STALE_SEC_08.err
./40_doku/_cell/DETECT_STALE_STALE_SEC_09.err
./40_doku/_cell/DETECT_STALE_STALE_SEC_10.err
./40_doku/_cell/DETECT_STALE_STALE_SEC_11.err
./40_doku/_cell/DETECT_STALE_STALE_SEC_12.err
./40_doku/_cell/DETECT_STALE_STALE_SEC_12.out
./40_doku/_cell/ER_PANE_TARGET_01.err
./40_doku/_cell/ER_PANE_TARGET_02.err
./40_doku/_cell/ER_PANE_TARGET_03.err
./40_doku/_cell/ER_PANE_TARGET_04.err
./40_doku/_cell/ER_PANE_TARGET_05.err
./40_doku/_cell/ER_PANE_TARGET_06.err
./40_doku/_cell/ER_PANE_TARGET_07.err
./40_doku/_cell/ER_PANE_TARGET_08.err
./40_doku/_cell/ER_PANE_TARGET_09.err
./40_doku/_cell/ER_PANE_TARGET_10.err
./40_doku/_cell/ER_PANE_TARGET_11.err
./40_doku/_cell/ER_PANE_TARGET_12.err
./40_doku/_cell/ER_THRESHOLD_MIN_01.err
./40_doku/_cell/ER_THRESHOLD_MIN_02.err
./40_doku/_cell/ER_THRESHOLD_MIN_03.err
./40_doku/_cell/ER_THRESHOLD_MIN_04.err
./40_doku/_cell/ER_THRESHOLD_MIN_05.err
./40_doku/_cell/ER_THRESHOLD_MIN_06.err
./40_doku/_cell/ER_THRESHOLD_MIN_07.err
./40_doku/_cell/ER_THRESHOLD_MIN_08.err
./40_doku/_cell/ER_THRESHOLD_MIN_09.err
./40_doku/_cell/ER_THRESHOLD_MIN_10.err
./40_doku/_cell/ER_THRESHOLD_MIN_11.err
./40_doku/_cell/ER_THRESHOLD_MIN_12.err
./40_doku/_cell/LIVE_01.err
./40_doku/_cell/LIVE_02.err
./40_doku/_cell/LIVE_03.err
./40_doku/_cell/LIVE_04.err
./40_doku/_cell/LIVE_05.err
./40_doku/_cell/LIVE_06.err
./40_doku/_cell/LIVE_07.err
./40_doku/_cell/LIVE_08.err
./40_doku/_cell/LIVE_09.err
./40_doku/_cell/LIVE_10.err
./40_doku/_cell/LIVE_11.err
./40_doku/_cell/LIVE_12.err
./40_doku/_cell/POLL_SEC_01.err
./40_doku/_cell/POLL_SEC_02.out
./40_doku/_cell/POLL_SEC_03.out
./40_doku/_cell/POLL_SEC_04.err
./40_doku/_cell/POLL_SEC_05.err
./40_doku/_cell/POLL_SEC_06.err
./40_doku/_cell/POLL_SEC_07.err
./40_doku/_cell/POLL_SEC_08.err
./40_doku/_cell/POLL_SEC_09.err
./40_doku/_cell/POLL_SEC_10.err
./40_doku/_cell/POLL_SEC_11.out
./40_doku/_cell/POLL_SEC_12.err
./40_doku/_cell/STALE_SEC_01.err
./40_doku/_cell/STALE_SEC_02.out
./40_doku/_cell/STALE_SEC_03.out
./40_doku/_cell/STALE_SEC_04.err
./40_doku/_cell/STALE_SEC_05.err
./40_doku/_cell/STALE_SEC_06.err
./40_doku/_cell/STALE_SEC_07.err
./40_doku/_cell/STALE_SEC_08.err
./40_doku/_cell/STALE_SEC_09.err
./40_doku/_cell/STALE_SEC_10.err
./40_doku/_cell/STALE_SEC_11.out
./40_doku/_cell/STALE_SEC_12.err
./40_doku/_cell/TESTVAR_01.err
./40_doku/_cell/TESTVAR_02.err
./40_doku/_cell/TESTVAR_03.err
./40_doku/_cell/TESTVAR_04.err
./40_doku/_cell/TESTVAR_05.err
./40_doku/_cell/TESTVAR_06.err
./40_doku/_cell/TESTVAR_07.err
./40_doku/_cell/TESTVAR_08.err
./40_doku/_cell/TESTVAR_09.err
./40_doku/_cell/TESTVAR_10.err
./40_doku/_cell/TESTVAR_11.err
./40_doku/_cell/TESTVAR_12.err
./60_inode/60_kadou_inode.err
./60_inode/61_kadou_hashiru.err
./60_inode/61_kadou_hashiru.out
./60_inode/62_hougen_kizu.out
./70_denpa/71_denpa.out
./70_denpa/ba/sv.lock
./80_daichou/80_argv_bogen.err
