1..19
ok 1 T-001: lib/_section18_roles.sh が存在する
ok 2 T-002: SECTION18_MAINPC_PANE_ORDER が pane 配置順 5 件
ok 3 T-003: SECTION18_SECONDPC_AGENTS が ashigaru5-8 の 4 件
ok 4 T-004: SECTION18_ALL_ROLES に shogun 含む / ashigaru4 を含まない / 旧体制名なし
ok 5 T-005: 多重 source で配列が再定義されず _SECTION18_ROLES_LOADED ガードが効く
ok 6 T-101: section18_is_secondpc_agent が ashigaru5/6/7/8 を accept
ok 7 T-102: section18_is_secondpc_agent が MainPC role を reject
ok 8 T-103: section18_is_secondpc_agent が ashigaru4 (欠番) を reject
ok 9 T-104: section18_is_secondpc_agent が shogun を reject (別 session)
ok 10 T-201: section18_is_mainpc_pane_agent が karo/ashigaru1-3/gunshi を accept
ok 11 T-202: section18_is_mainpc_pane_agent が SecondPC role を reject
ok 12 T-203: section18_is_mainpc_pane_agent が ashigaru4 (欠番) を reject
ok 13 T-204: section18_is_mainpc_pane_agent が shogun を reject (別 session)
ok 14 T-301: section18_mainpc_pane_index が pane 配置順を返す
ok 15 T-302: section18_mainpc_pane_index が SecondPC role に non-zero exit
ok 16 T-303: section18_mainpc_pane_index が ashigaru4 に non-zero exit
ok 17 T-304: section18_mainpc_pane_index が shogun に non-zero exit (別 session)
ok 18 T-401: pytest 側 TestSection18ShellHelper と同一の SECTION18_MAINPC_PANE_ORDER
ok 19 T-402: pytest 側 TestSection18ShellHelper と同一の SECTION18_SECONDPC_AGENTS
