_jou/00_jou2_chikugo.md
_jou/01_hanten.md
_jou/02_grep_options.md
_jou/03_v_no_hata.md
_jou/04_memory_totsugou.md
_jou/05_naoshikata_an.md
_jou/06_tsui_futatabi_utta.md
driver/10_tane.py
driver/20_jissha.py
driver/30_kikou.py
driver/40_kami.py
driver/50_an.py
raw/10_tane.tsv
raw/20_01_f01_kirei_txt.err
raw/20_01_f01_kirei_txt.out
raw/20_01_f01_kirei_txt.rc
raw/20_02_f02_matsubi_space_txt.err
raw/20_02_f02_matsubi_space_txt.out
raw/20_02_f02_matsubi_space_txt.rc
raw/20_03_f03_matsubi_tab_txt.err
raw/20_03_f03_matsubi_tab_txt.out
raw/20_03_f03_matsubi_tab_txt.rc
raw/20_04_f04_crlf_space_txt.err
raw/20_04_f04_crlf_space_txt.out
raw/20_04_f04_crlf_space_txt.rc
raw/20_05_f05_crlf_kirei_txt.err
raw/20_05_f05_crlf_kirei_txt.out
raw/20_05_f05_crlf_kirei_txt.rc
raw/20_06_f06_nurekinu_bin.err
raw/20_06_f06_nurekinu_bin.out
raw/20_06_f06_nurekinu_bin.rc
raw/20_07_f07_nul_dake_bin.err
raw/20_07_f07_nul_dake_bin.out
raw/20_07_f07_nul_dake_bin.rc
raw/20_08_f08_zenkaku_txt.err
raw/20_08_f08_zenkaku_txt.out
raw/20_08_f08_zenkaku_txt.rc
raw/20_09_f09_cr_nomi_bin.err
raw/20_09_f09_cr_nomi_bin.out
raw/20_09_f09_cr_nomi_bin.rc
raw/20_10_f10_nul_to_space_bin.err
raw/20_10_f10_nul_to_space_bin.out
raw/20_10_f10_nul_to_space_bin.rc
raw/20_ippatsu.tsv
raw/21_nurekinu_mazeta.err
raw/21_nurekinu_mazeta.out
raw/21_nurekinu_mazeta.rc
raw/22_nurekinu.txt
raw/23_01_f01_kirei_txt_v.err
raw/23_01_f01_kirei_txt_v.out
raw/23_01_f01_kirei_txt_v.rc
raw/23_02_f02_matsubi_space_txt_v.err
raw/23_02_f02_matsubi_space_txt_v.out
raw/23_02_f02_matsubi_space_txt_v.rc
raw/23_03_f03_matsubi_tab_txt_v.err
raw/23_03_f03_matsubi_tab_txt_v.out
raw/23_03_f03_matsubi_tab_txt_v.rc
raw/23_04_f04_crlf_space_txt_v.err
raw/23_04_f04_crlf_space_txt_v.out
raw/23_04_f04_crlf_space_txt_v.rc
raw/23_05_f05_crlf_kirei_txt_v.err
raw/23_05_f05_crlf_kirei_txt_v.out
raw/23_05_f05_crlf_kirei_txt_v.rc
raw/23_06_f06_nurekinu_bin_v.err
raw/23_06_f06_nurekinu_bin_v.out
raw/23_06_f06_nurekinu_bin_v.rc
raw/23_07_f07_nul_dake_bin_v.err
raw/23_07_f07_nul_dake_bin_v.out
raw/23_07_f07_nul_dake_bin_v.rc
raw/23_08_f08_zenkaku_txt_v.err
raw/23_08_f08_zenkaku_txt_v.out
raw/23_08_f08_zenkaku_txt_v.rc
raw/23_09_f09_cr_nomi_bin_v.err
raw/23_09_f09_cr_nomi_bin_v.out
raw/23_09_f09_cr_nomi_bin_v.rc
raw/23_10_f10_nul_to_space_bin_v.err
raw/23_10_f10_nul_to_space_bin_v.out
raw/23_10_f10_nul_to_space_bin_v.rc
raw/24_grep_options_v.tsv
raw/30_grep_chokusha.tsv
raw/31_grep_mi.txt
raw/41_v_hantei.tsv
raw/50_an_jissha.tsv
