MANIFEST.txt
_gate/ADD.lst
_gate/ADD2.lst
_gate/MANIFEST.r2try1.bak
_gate/argv.txt
_gate/bin_gunshi.txt
_gate/bin_karo.txt
_gate/draft.md
_gate/kata/k10_nul_tougyou_kuuhaku.txt
_gate/kata/k11_kuuhaku_nul_no_mae.txt
_gate/kata/k12_kuuhaku_shin_no_eol.txt
_gate/kata/k13_nul_no_ato_kuuhaku.txt
_gate/kata/k14_kuuhaku_cr_nul.txt
_gate/kata/k15_zengyou_kuuhaku_to_CR.txt
_gate/kata/k1_lf_matsubi_kuuhaku.txt
_gate/kata/k2_lf_matsubi_tab.txt
_gate/kata/k3_crlf_kuuhaku.txt
_gate/kata/k4_crlf_kiyoshi.txt
_gate/kata/k5_lf_kiyoshi.txt
_gate/kata/k6_nul_kuuhaku.txt
_gate/kata/k7_nul_kiyoshi.txt
_gate/kata/k8_crlf_nul_kuuhaku.txt
_gate/kata/k9_nul_saki_kuuhaku_ato.txt
_gate/n1_hon.err
_gate/n1_hon.out
_gate/n1_hon.rc
_gate/n1_taishou.err
_gate/n1_taishou.out
_gate/n1_taishou.rc
_gate/n2_hon.err
_gate/n2_hon.out
_gate/n2_hon.rc
_gate/n2_taishou.err
_gate/n2_taishou.out
_gate/n2_taishou.rc
_gate/nama.tsv
_gate/r2_append.err
_gate/r2_append.out
_gate/r2_append.rc
_gate/r2_argv.txt
_gate/r2_mon1.err
_gate/r2_mon1.out
_gate/r2_mon1.rc
_gate/r2_mon2.err
_gate/r2_mon2.out
_gate/r2_mon2.rc
_gate/r2_sakenashime.txt
_gate/r2b_append.err
_gate/r2b_append.out
_gate/r2b_append.rc
_gate/r2b_argv.txt
_gate/r2b_mon1.err
_gate/r2b_mon1.out
_gate/r2b_mon1.rc
_gate/r2b_mon2.err
_gate/r2b_mon2.out
_gate/r2b_mon2.rc
_gate/rb_334356.txt
_gate/rb_334371.txt
_gate/soushin_karo.log
_gate/taishou_n1_yogore.txt
_gate/taishou_n2_yogore.txt
_gate/utsu/k10_nul_tougyou_kuuhaku.err
_gate/utsu/k10_nul_tougyou_kuuhaku.out
_gate/utsu/k10_nul_tougyou_kuuhaku.rc
_gate/utsu/k11_kuuhaku_nul_no_mae.err
_gate/utsu/k11_kuuhaku_nul_no_mae.out
_gate/utsu/k11_kuuhaku_nul_no_mae.rc
_gate/utsu/k12_kuuhaku_shin_no_eol.err
_gate/utsu/k12_kuuhaku_shin_no_eol.out
_gate/utsu/k12_kuuhaku_shin_no_eol.rc
_gate/utsu/k13_nul_no_ato_kuuhaku.err
_gate/utsu/k13_nul_no_ato_kuuhaku.out
_gate/utsu/k13_nul_no_ato_kuuhaku.rc
_gate/utsu/k14_kuuhaku_cr_nul.err
_gate/utsu/k14_kuuhaku_cr_nul.out
_gate/utsu/k14_kuuhaku_cr_nul.rc
_gate/utsu/k15_GVOPT.err
_gate/utsu/k15_GVOPT.out
_gate/utsu/k15_GVOPT.rc
_gate/utsu/k15_su.err
_gate/utsu/k15_su.out
_gate/utsu/k15_su.rc
_gate/utsu/k1_lf_matsubi_kuuhaku.err
_gate/utsu/k1_lf_matsubi_kuuhaku.out
_gate/utsu/k1_lf_matsubi_kuuhaku.rc
_gate/utsu/k1_lf_matsubi_kuuhaku_GVOPT.err
_gate/utsu/k1_lf_matsubi_kuuhaku_GVOPT.out
_gate/utsu/k1_lf_matsubi_kuuhaku_GVOPT.rc
_gate/utsu/k2_lf_matsubi_tab.err
_gate/utsu/k2_lf_matsubi_tab.out
_gate/utsu/k2_lf_matsubi_tab.rc
_gate/utsu/k3_crlf_kuuhaku.err
_gate/utsu/k3_crlf_kuuhaku.out
_gate/utsu/k3_crlf_kuuhaku.rc
_gate/utsu/k4_crlf_kiyoshi.err
_gate/utsu/k4_crlf_kiyoshi.out
_gate/utsu/k4_crlf_kiyoshi.rc
_gate/utsu/k4_crlf_kiyoshi_GVOPT.err
_gate/utsu/k4_crlf_kiyoshi_GVOPT.out
_gate/utsu/k4_crlf_kiyoshi_GVOPT.rc
_gate/utsu/k5_lf_kiyoshi.err
_gate/utsu/k5_lf_kiyoshi.out
_gate/utsu/k5_lf_kiyoshi.rc
_gate/utsu/k5_lf_kiyoshi_GVOPT.err
_gate/utsu/k5_lf_kiyoshi_GVOPT.out
_gate/utsu/k5_lf_kiyoshi_GVOPT.rc
_gate/utsu/k6_nul_kuuhaku.err
_gate/utsu/k6_nul_kuuhaku.out
_gate/utsu/k6_nul_kuuhaku.rc
_gate/utsu/k7_nul_kiyoshi.err
_gate/utsu/k7_nul_kiyoshi.out
_gate/utsu/k7_nul_kiyoshi.rc
_gate/utsu/k8_crlf_nul_kuuhaku.err
_gate/utsu/k8_crlf_nul_kuuhaku.out
_gate/utsu/k8_crlf_nul_kuuhaku.rc
_gate/utsu/k9_nul_saki_kuuhaku_ato.err
_gate/utsu/k9_nul_saki_kuuhaku_ato.out
_gate/utsu/k9_nul_saki_kuuhaku_ato.rc
_gate/utsu/v_as_file.err
_gate/utsu/v_as_file.out
_gate/utsu/v_as_file.rc
_gate/yomikaeshi_gunshi.txt
_gate/yomikaeshi_karo.txt
_jou/00_jou2_chikugo.md
_jou/01_hanten.md
_jou/02_grep_options.md
_jou/03_v_no_hata.md
_jou/04_memory_totsugou.md
_jou/05_naoshikata_an.md
_jou/06_tsui_futatabi_utta.md
_mon/00_sengen.md
_mon/01_chakuchi.md
driver/00_kaki.py
driver/10_tane.py
driver/20_jissha.py
driver/30_kikou.py
driver/40_kami.py
driver/50_an.py
raw/10_kikai_koteichi.txt
raw/10_tane.tsv
raw/11_jou2_chikugo.txt
raw/12_say_no_yukisaki.txt
raw/13_is_num.txt
raw/20_01_f01_kirei_txt.err
raw/20_01_f01_kirei_txt.out
raw/20_01_f01_kirei_txt.rc
raw/20_02_f02_matsubi_space_txt.err
raw/20_02_f02_matsubi_space_txt.out
raw/20_02_f02_matsubi_space_txt.rc
raw/20_03_f03_matsubi_tab_txt.err
raw/20_03_f03_matsubi_tab_txt.out
raw/20_03_f03_matsubi_tab_txt.rc
raw/20_04_f04_crlf_space_txt.err
raw/20_04_f04_crlf_space_txt.out
raw/20_04_f04_crlf_space_txt.rc
raw/20_05_f05_crlf_kirei_txt.err
raw/20_05_f05_crlf_kirei_txt.out
raw/20_05_f05_crlf_kirei_txt.rc
raw/20_06_f06_nurekinu_bin.err
raw/20_06_f06_nurekinu_bin.out
raw/20_06_f06_nurekinu_bin.rc
raw/20_07_f07_nul_dake_bin.err
raw/20_07_f07_nul_dake_bin.out
raw/20_07_f07_nul_dake_bin.rc
raw/20_08_f08_zenkaku_txt.err
raw/20_08_f08_zenkaku_txt.out
raw/20_08_f08_zenkaku_txt.rc
raw/20_09_f09_cr_nomi_bin.err
raw/20_09_f09_cr_nomi_bin.out
raw/20_09_f09_cr_nomi_bin.rc
raw/20_10_f10_nul_to_space_bin.err
raw/20_10_f10_nul_to_space_bin.out
raw/20_10_f10_nul_to_space_bin.rc
raw/20_ippatsu.tsv
raw/20_kata_no_sengen.tsv
raw/21_kata_tsuika_no_sengen.tsv
raw/21_nurekinu_mazeta.err
raw/21_nurekinu_mazeta.out
raw/21_nurekinu_mazeta.rc
raw/22_grep_no_shoutai.txt
raw/22_nurekinu.txt
raw/23_01_f01_kirei_txt_v.err
raw/23_01_f01_kirei_txt_v.out
raw/23_01_f01_kirei_txt_v.rc
raw/23_02_f02_matsubi_space_txt_v.err
raw/23_02_f02_matsubi_space_txt_v.out
raw/23_02_f02_matsubi_space_txt_v.rc
raw/23_03_f03_matsubi_tab_txt_v.err
raw/23_03_f03_matsubi_tab_txt_v.out
raw/23_03_f03_matsubi_tab_txt_v.rc
raw/23_04_f04_crlf_space_txt_v.err
raw/23_04_f04_crlf_space_txt_v.out
raw/23_04_f04_crlf_space_txt_v.rc
raw/23_05_f05_crlf_kirei_txt_v.err
raw/23_05_f05_crlf_kirei_txt_v.out
raw/23_05_f05_crlf_kirei_txt_v.rc
raw/23_06_f06_nurekinu_bin_v.err
raw/23_06_f06_nurekinu_bin_v.out
raw/23_06_f06_nurekinu_bin_v.rc
raw/23_07_f07_nul_dake_bin_v.err
raw/23_07_f07_nul_dake_bin_v.out
raw/23_07_f07_nul_dake_bin_v.rc
raw/23_08_f08_zenkaku_txt_v.err
raw/23_08_f08_zenkaku_txt_v.out
raw/23_08_f08_zenkaku_txt_v.rc
raw/23_09_f09_cr_nomi_bin_v.err
raw/23_09_f09_cr_nomi_bin_v.out
raw/23_09_f09_cr_nomi_bin_v.rc
raw/23_10_f10_nul_to_space_bin_v.err
raw/23_10_f10_nul_to_space_bin_v.out
raw/23_10_f10_nul_to_space_bin_v.rc
raw/23_v_irekae.txt
raw/24_grep_options_v.tsv
raw/24_nureginu_no_sengen.tsv
raw/30_grep_chokusha.tsv
raw/30_utsu_no_kekka.tsv
raw/31_grep_mi.txt
raw/31_mon_to_shin_no_totsugou.tsv
raw/40_kikai_utsugo.txt
raw/41_v_hantei.tsv
raw/50_an_jissha.tsv
