MANIFEST.txt
_gate/argv.txt
_gate/draft.md
_gate/kata/k10_nul_tougyou_kuuhaku.txt
_gate/kata/k11_kuuhaku_nul_no_mae.txt
_gate/kata/k12_kuuhaku_shin_no_eol.txt
_gate/kata/k13_nul_no_ato_kuuhaku.txt
_gate/kata/k14_kuuhaku_cr_nul.txt
_gate/kata/k15_zengyou_kuuhaku_to_CR.txt
_gate/kata/k1_lf_matsubi_kuuhaku.txt
_gate/kata/k2_lf_matsubi_tab.txt
_gate/kata/k3_crlf_kuuhaku.txt
_gate/kata/k4_crlf_kiyoshi.txt
_gate/kata/k5_lf_kiyoshi.txt
_gate/kata/k6_nul_kuuhaku.txt
_gate/kata/k7_nul_kiyoshi.txt
_gate/kata/k8_crlf_nul_kuuhaku.txt
_gate/kata/k9_nul_saki_kuuhaku_ato.txt
_gate/n1_hon.err
_gate/n1_hon.out
_gate/n1_hon.rc
_gate/n1_taishou.err
_gate/n1_taishou.out
_gate/n1_taishou.rc
_gate/n2_hon.err
_gate/n2_hon.out
_gate/n2_hon.rc
_gate/n2_taishou.err
_gate/n2_taishou.out
_gate/n2_taishou.rc
_gate/nama.tsv
_gate/taishou_n1_yogore.txt
_gate/taishou_n2_yogore.txt
_gate/utsu/k10_nul_tougyou_kuuhaku.err
_gate/utsu/k10_nul_tougyou_kuuhaku.out
_gate/utsu/k10_nul_tougyou_kuuhaku.rc
_gate/utsu/k11_kuuhaku_nul_no_mae.err
_gate/utsu/k11_kuuhaku_nul_no_mae.out
_gate/utsu/k11_kuuhaku_nul_no_mae.rc
_gate/utsu/k12_kuuhaku_shin_no_eol.err
_gate/utsu/k12_kuuhaku_shin_no_eol.out
_gate/utsu/k12_kuuhaku_shin_no_eol.rc
_gate/utsu/k13_nul_no_ato_kuuhaku.err
_gate/utsu/k13_nul_no_ato_kuuhaku.out
_gate/utsu/k13_nul_no_ato_kuuhaku.rc
_gate/utsu/k14_kuuhaku_cr_nul.err
_gate/utsu/k14_kuuhaku_cr_nul.out
_gate/utsu/k14_kuuhaku_cr_nul.rc
_gate/utsu/k15_GVOPT.err
_gate/utsu/k15_GVOPT.out
_gate/utsu/k15_GVOPT.rc
_gate/utsu/k15_su.err
_gate/utsu/k15_su.out
_gate/utsu/k15_su.rc
_gate/utsu/k1_lf_matsubi_kuuhaku.err
_gate/utsu/k1_lf_matsubi_kuuhaku.out
_gate/utsu/k1_lf_matsubi_kuuhaku.rc
_gate/utsu/k1_lf_matsubi_kuuhaku_GVOPT.err
_gate/utsu/k1_lf_matsubi_kuuhaku_GVOPT.out
_gate/utsu/k1_lf_matsubi_kuuhaku_GVOPT.rc
_gate/utsu/k2_lf_matsubi_tab.err
_gate/utsu/k2_lf_matsubi_tab.out
_gate/utsu/k2_lf_matsubi_tab.rc
_gate/utsu/k3_crlf_kuuhaku.err
_gate/utsu/k3_crlf_kuuhaku.out
_gate/utsu/k3_crlf_kuuhaku.rc
_gate/utsu/k4_crlf_kiyoshi.err
_gate/utsu/k4_crlf_kiyoshi.out
_gate/utsu/k4_crlf_kiyoshi.rc
_gate/utsu/k4_crlf_kiyoshi_GVOPT.err
_gate/utsu/k4_crlf_kiyoshi_GVOPT.out
_gate/utsu/k4_crlf_kiyoshi_GVOPT.rc
_gate/utsu/k5_lf_kiyoshi.err
_gate/utsu/k5_lf_kiyoshi.out
_gate/utsu/k5_lf_kiyoshi.rc
_gate/utsu/k5_lf_kiyoshi_GVOPT.err
_gate/utsu/k5_lf_kiyoshi_GVOPT.out
_gate/utsu/k5_lf_kiyoshi_GVOPT.rc
_gate/utsu/k6_nul_kuuhaku.err
_gate/utsu/k6_nul_kuuhaku.out
_gate/utsu/k6_nul_kuuhaku.rc
_gate/utsu/k7_nul_kiyoshi.err
_gate/utsu/k7_nul_kiyoshi.out
_gate/utsu/k7_nul_kiyoshi.rc
_gate/utsu/k8_crlf_nul_kuuhaku.err
_gate/utsu/k8_crlf_nul_kuuhaku.out
_gate/utsu/k8_crlf_nul_kuuhaku.rc
_gate/utsu/k9_nul_saki_kuuhaku_ato.err
_gate/utsu/k9_nul_saki_kuuhaku_ato.out
_gate/utsu/k9_nul_saki_kuuhaku_ato.rc
_gate/utsu/v_as_file.err
_gate/utsu/v_as_file.out
_gate/utsu/v_as_file.rc
_mon/00_sengen.md
_mon/01_chakuchi.md
driver/00_kaki.py
raw/10_kikai_koteichi.txt
raw/11_jou2_chikugo.txt
raw/12_say_no_yukisaki.txt
raw/13_is_num.txt
raw/20_kata_no_sengen.tsv
raw/21_kata_tsuika_no_sengen.tsv
raw/22_grep_no_shoutai.txt
raw/23_v_irekae.txt
raw/24_nureginu_no_sengen.tsv
raw/30_utsu_no_kekka.tsv
raw/31_mon_to_shin_no_totsugou.tsv
raw/40_kikai_utsugo.txt
